// Jest Snapshot v1, https://goo.gl/fbAQLP

exports[`<RequestReset/> renders and matches snapshot 1`] = `
<form
  className="Form-sc-1ovjk64-0 cEPOGN"
  data-test="form"
  method="post"
  onSubmit={[Function]}
>
  <Signin__Fieldset
    aria-busy={false}
    disabled={false}
  >
    <fieldset
      aria-busy={false}
      className="Signin__Fieldset-sc-1bn107d-0 eFAYSk"
      disabled={false}
    >
      <div>
        <h2>
          Request a password reset
        </h2>
        <DisplayError
          error={Object {}}
        />
        <label
          htmlFor="email"
        >
          Email
          <input
            name="email"
            onChange={[Function]}
            placeholder="email"
            type="email"
            value=""
          />
        </label>
        <button
          type="submit"
        >
          Request reset
        </button>
      </div>
    </fieldset>
  </Signin__Fieldset>
</form>
`;
