// Jest Snapshot v1, https://goo.gl/fbAQLP

exports[`<Signup/> renders and matches snapshot 1`] = `
<form
  className="Form-sc-1ovjk64-0 cEPOGN"
  method="post"
  onSubmit={[Function]}
>
  <Signin__Fieldset
    aria-busy={false}
    disabled={false}
  >
    <fieldset
      aria-busy={false}
      className="Signin__Fieldset-sc-1bn107d-0 eFAYSk"
      disabled={false}
    >
      <div>
        <h2>
          Sign up for an Account
        </h2>
        <DisplayError
          error={Object {}}
        />
        <label
          htmlFor="email"
        >
          Email
          <input
            name="email"
            onChange={[Function]}
            placeholder="email"
            type="email"
            value=""
          />
        </label>
        <label
          htmlFor="name"
        >
          Name
          <input
            name="name"
            onChange={[Function]}
            placeholder="name"
            type="text"
            value=""
          />
        </label>
        <label
          htmlFor="password"
        >
          Password
          <input
            name="password"
            onChange={[Function]}
            placeholder="password"
            type="password"
            value=""
          />
        </label>
        <button
          type="submit"
        >
          Sign up
        </button>
      </div>
    </fieldset>
  </Signin__Fieldset>
</form>
`;
